Script:run-all.sh 2026-10-02,13:51:52 start
  0) part1-1-sig                                  2026-10-02,13:51:53 :: 2026-10-02,13:51:58  t:5s
  1) part1-2-da                                   2026-10-02,13:51:58 :: 2026-10-02,13:52:01  t:3s
  2) part1-3-dap                                  2026-10-02,13:52:01 :: 2026-10-02,13:52:04  t:3s
  3) part1-4-de                                   2026-10-02,13:52:04 :: 2026-10-02,13:52:07  t:3s
  4) part1-5-dae                                  2026-10-02,13:52:07 :: 2026-10-02,13:52:09  t:2s
  5) part1-6-fy                                   2026-10-02,13:52:09 :: 2026-10-02,13:52:16  t:7s
  6) part1-7-covar                                2026-10-02,13:52:16 :: 2026-10-02,13:52:18  t:2s
  7) part1-8-reac                                 2026-10-02,13:52:18 :: 2026-10-02,13:52:57  t:39s
  8) part1-fortran                                2026-10-02,13:52:57 :: 2026-10-02,13:53:00  t:3s
  9) part2-1-sig1                                 2026-10-02,13:53:00 :: 2026-10-02,13:53:13  t:13s
 10) part2-2-da1an                                2026-10-02,13:53:13 :: 2026-10-02,13:53:16  t:3s
 11) part2-3-da1ei                                2026-10-02,13:53:16 :: 2026-10-02,13:53:26  t:10s
 12) part2-4-de1eo                                2026-10-02,13:53:26 :: 2026-10-02,13:53:30  t:4s
 13) part2-5-dae1eo                               2026-10-02,13:53:30 :: 2026-10-02,13:53:33  t:3s
 14) part2-6-fy                                   2026-10-02,13:53:33 :: 2026-10-02,13:53:36  t:3s
 15) part2-7-fye                                  2026-10-02,13:53:36 :: 2026-10-02,13:53:45  t:9s
 16) part2-8-sig1par                              2026-10-02,13:53:45 :: 2026-10-02,13:53:48  t:3s
 17) part2-9-nubar                                2026-10-02,13:53:48 :: 2026-10-02,13:54:05  t:17s
 18) part2-A-eta                                  2026-10-02,13:54:05 :: 2026-10-02,13:54:32  t:27s
 19) part2-B-pfns                                 2026-10-02,13:54:32 :: 2026-10-02,13:56:22  t:110s
 20) part3-1-auto1                                2026-10-02,13:56:22 :: 2026-10-02,13:56:25  t:3s
 21) part3-2-user1                                2026-10-02,13:56:25 :: 2026-10-02,13:56:28  t:3s
 22) part3-3-expert1                              2026-10-02,13:56:28 :: 2026-10-02,13:56:31  t:3s
 23) part3-4-auto2                                2026-10-02,13:56:31 :: 2026-10-02,13:56:34  t:3s
 24) part3-5-ratio2sig                            2026-10-02,13:56:34 :: 2026-10-02,13:56:38  t:4s
 25) part3-6-daleg2sig                            2026-10-02,13:56:38 :: 2026-10-02,13:56:41  t:3s
 26) part3-7-legrs2da                             2026-10-02,13:56:41 :: 2026-10-02,13:56:44  t:3s
 27) part3-8-leg2r33                              2026-10-02,13:56:44 :: 2026-10-02,13:56:47  t:3s
 28) part5-0-sql                                  2026-10-02,13:56:47 :: 2026-10-02,13:56:50  t:3s
 29) part6-0-eval1flags                           2026-10-02,13:56:50 :: 2026-10-02,13:56:52  t:2s
 30) part6-1-eval2sig                             2026-10-02,13:56:52 :: 2026-10-02,13:57:23  t:30s
Script:run-all.sh 2026-10-02,13:57:23 stop
Elapsed time: 330sec 00:05:30
